Archive member included because of file (symbol)

c:/users/acs/onedrive/pictures/content2/01- imt sdk/imt_sdk_win_64/winavr/bin/../lib/gcc/avr/4.3.3/avr5\libgcc.a(_exit.o)
                              c:/users/acs/onedrive/pictures/content2/01- imt sdk/imt_sdk_win_64/winavr/bin/../lib/gcc/avr/4.3.3/../../../../avr/lib/avr5/crtm32.o (exit)
c:/users/acs/onedrive/pictures/content2/01- imt sdk/imt_sdk_win_64/winavr/bin/../lib/gcc/avr/4.3.3/avr5\libgcc.a(_copy_data.o)
                              ./HAL/LED/led_program.o (__do_copy_data)
c:/users/acs/onedrive/pictures/content2/01- imt sdk/imt_sdk_win_64/winavr/bin/../lib/gcc/avr/4.3.3/avr5\libgcc.a(_clear_bss.o)
                              ./SERVICE/RTO/rto_source.o (__do_clear_bss)

Memory Configuration

Name             Origin             Length             Attributes
text             0x00000000         0x00020000         xr
data             0x00800060         0x0000ffa0         rw !x
eeprom           0x00810000         0x00010000         rw !x
fuse             0x00820000         0x00000400         rw !x
lock             0x00830000         0x00000400         rw !x
signature        0x00840000         0x00000400         rw !x
*default*        0x00000000         0xffffffff

Linker script and memory map

LOAD c:/users/acs/onedrive/pictures/content2/01- imt sdk/imt_sdk_win_64/winavr/bin/../lib/gcc/avr/4.3.3/../../../../avr/lib/avr5/crtm32.o
LOAD ./SERVICE/RTO/rto_source.o
LOAD ./MCAL/TIMER/timer_program.o
LOAD ./MCAL/INTERRUPT/interrupt.o
LOAD ./MCAL/GPIO/gpio.o
LOAD ./MCAL/GLOBAL_INTERRUPT/global.o
LOAD ./HAL/LED/led_program.o
LOAD ./APP/main.o
LOAD c:/users/acs/onedrive/pictures/content2/01- imt sdk/imt_sdk_win_64/winavr/bin/../lib/gcc/avr/4.3.3/avr5\libgcc.a
LOAD c:/users/acs/onedrive/pictures/content2/01- imt sdk/imt_sdk_win_64/winavr/bin/../lib/gcc/avr/4.3.3/../../../../avr/lib/avr5\libc.a
LOAD c:/users/acs/onedrive/pictures/content2/01- imt sdk/imt_sdk_win_64/winavr/bin/../lib/gcc/avr/4.3.3/avr5\libgcc.a

.hash
 *(.hash)

.dynsym
 *(.dynsym)

.dynstr
 *(.dynstr)

.gnu.version
 *(.gnu.version)

.gnu.version_d
 *(.gnu.version_d)

.gnu.version_r
 *(.gnu.version_r)

.rel.init
 *(.rel.init)

.rela.init
 *(.rela.init)

.rel.text
 *(.rel.text)
 *(.rel.text.*)
 *(.rel.gnu.linkonce.t*)

.rela.text
 *(.rela.text)
 *(.rela.text.*)
 *(.rela.gnu.linkonce.t*)

.rel.fini
 *(.rel.fini)

.rela.fini
 *(.rela.fini)

.rel.rodata
 *(.rel.rodata)
 *(.rel.rodata.*)
 *(.rel.gnu.linkonce.r*)

.rela.rodata
 *(.rela.rodata)
 *(.rela.rodata.*)
 *(.rela.gnu.linkonce.r*)

.rel.data
 *(.rel.data)
 *(.rel.data.*)
 *(.rel.gnu.linkonce.d*)

.rela.data
 *(.rela.data)
 *(.rela.data.*)
 *(.rela.gnu.linkonce.d*)

.rel.ctors
 *(.rel.ctors)

.rela.ctors
 *(.rela.ctors)

.rel.dtors
 *(.rel.dtors)

.rela.dtors
 *(.rela.dtors)

.rel.got
 *(.rel.got)

.rela.got
 *(.rela.got)

.rel.bss
 *(.rel.bss)

.rela.bss
 *(.rela.bss)

.rel.plt
 *(.rel.plt)

.rela.plt
 *(.rela.plt)

.text           0x00000000     0x1240
 *(.vectors)
 .vectors       0x00000000       0x54 c:/users/acs/onedrive/pictures/content2/01- imt sdk/imt_sdk_win_64/winavr/bin/../lib/gcc/avr/4.3.3/../../../../avr/lib/avr5/crtm32.o
                0x00000000                __vectors
                0x00000000                __vector_default
 *(.vectors)
 *(.progmem.gcc*)
 *(.progmem*)
                0x00000054                . = ALIGN (0x2)
                0x00000054                __trampolines_start = .
 *(.trampolines)
 .trampolines   0x00000054        0x0 linker stubs
 *(.trampolines*)
                0x00000054                __trampolines_end = .
 *(.jumptables)
 *(.jumptables*)
 *(.lowtext)
 *(.lowtext*)
                0x00000054                __ctors_start = .
 *(.ctors)
                0x00000054                __ctors_end = .
                0x00000054                __dtors_start = .
 *(.dtors)
                0x00000054                __dtors_end = .
 SORT(*)(.ctors)
 SORT(*)(.dtors)
 *(.init0)
 .init0         0x00000054        0x0 c:/users/acs/onedrive/pictures/content2/01- imt sdk/imt_sdk_win_64/winavr/bin/../lib/gcc/avr/4.3.3/../../../../avr/lib/avr5/crtm32.o
                0x00000054                __init
 *(.init0)
 *(.init1)
 *(.init1)
 *(.init2)
 .init2         0x00000054        0xc c:/users/acs/onedrive/pictures/content2/01- imt sdk/imt_sdk_win_64/winavr/bin/../lib/gcc/avr/4.3.3/../../../../avr/lib/avr5/crtm32.o
 *(.init2)
 *(.init3)
 *(.init3)
 *(.init4)
 .init4         0x00000060       0x16 c:/users/acs/onedrive/pictures/content2/01- imt sdk/imt_sdk_win_64/winavr/bin/../lib/gcc/avr/4.3.3/avr5\libgcc.a(_copy_data.o)
                0x00000060                __do_copy_data
 .init4         0x00000076       0x10 c:/users/acs/onedrive/pictures/content2/01- imt sdk/imt_sdk_win_64/winavr/bin/../lib/gcc/avr/4.3.3/avr5\libgcc.a(_clear_bss.o)
                0x00000076                __do_clear_bss
 *(.init4)
 *(.init5)
 *(.init5)
 *(.init6)
 *(.init6)
 *(.init7)
 *(.init7)
 *(.init8)
 *(.init8)
 *(.init9)
 .init9         0x00000086        0x8 c:/users/acs/onedrive/pictures/content2/01- imt sdk/imt_sdk_win_64/winavr/bin/../lib/gcc/avr/4.3.3/../../../../avr/lib/avr5/crtm32.o
 *(.init9)
 *(.text)
 .text          0x0000008e        0x4 c:/users/acs/onedrive/pictures/content2/01- imt sdk/imt_sdk_win_64/winavr/bin/../lib/gcc/avr/4.3.3/../../../../avr/lib/avr5/crtm32.o
                0x0000008e                __vector_12
                0x0000008e                __bad_interrupt
                0x0000008e                __vector_6
                0x0000008e                __vector_13
                0x0000008e                __vector_17
                0x0000008e                __vector_19
                0x0000008e                __vector_7
                0x0000008e                __vector_5
                0x0000008e                __vector_4
                0x0000008e                __vector_9
                0x0000008e                __vector_15
                0x0000008e                __vector_8
                0x0000008e                __vector_14
                0x0000008e                __vector_10
                0x0000008e                __vector_16
                0x0000008e                __vector_18
                0x0000008e                __vector_20
 .text          0x00000092        0x0 ./SERVICE/RTO/rto_source.o
 .text          0x00000092        0x0 ./MCAL/TIMER/timer_program.o
 .text          0x00000092        0x0 ./MCAL/INTERRUPT/interrupt.o
 .text          0x00000092        0x0 ./MCAL/GPIO/gpio.o
 .text          0x00000092        0x0 ./MCAL/GLOBAL_INTERRUPT/global.o
 .text          0x00000092        0x0 ./HAL/LED/led_program.o
 .text          0x00000092        0x0 ./APP/main.o
 .text          0x00000092        0x0 c:/users/acs/onedrive/pictures/content2/01- imt sdk/imt_sdk_win_64/winavr/bin/../lib/gcc/avr/4.3.3/avr5\libgcc.a(_exit.o)
 .text          0x00000092        0x0 c:/users/acs/onedrive/pictures/content2/01- imt sdk/imt_sdk_win_64/winavr/bin/../lib/gcc/avr/4.3.3/avr5\libgcc.a(_copy_data.o)
 .text          0x00000092        0x0 c:/users/acs/onedrive/pictures/content2/01- imt sdk/imt_sdk_win_64/winavr/bin/../lib/gcc/avr/4.3.3/avr5\libgcc.a(_clear_bss.o)
                0x00000092                . = ALIGN (0x2)
 *(.text.*)
 .text.SCHEDULER_init
                0x00000092       0x2e ./SERVICE/RTO/rto_source.o
                0x00000092                SCHEDULER_init
 .text.TASK_controlBlockOfTask
                0x000000c0       0xb2 ./SERVICE/RTO/rto_source.o
                0x000000c0                TASK_controlBlockOfTask
 .text.SCHEDULER_andDispatcherHandling
                0x00000172       0xf6 ./SERVICE/RTO/rto_source.o
 .text.iniat_Timer
                0x00000268       0xb6 ./MCAL/TIMER/timer_program.o
                0x00000268                iniat_Timer
 .text.disable_Timer
                0x0000031e       0xd0 ./MCAL/TIMER/timer_program.o
                0x0000031e                disable_Timer
 .text.DUTY_cycleForTimers
                0x000003ee       0x4a ./MCAL/TIMER/timer_program.o
                0x000003ee                DUTY_cycleForTimers
 .text.TIMERS_setCallBackFunction
                0x00000438       0x96 ./MCAL/TIMER/timer_program.o
                0x00000438                TIMERS_setCallBackFunction
 .text.__vector_11
                0x000004ce       0x88 ./MCAL/TIMER/timer_program.o
                0x000004ce                __vector_11
 .text.ENABLE_externalInterrupt
                0x00000556      0x242 ./MCAL/INTERRUPT/interrupt.o
                0x00000556                ENABLE_externalInterrupt
 .text.DISABLE_externalInterrupt
                0x00000798       0x80 ./MCAL/INTERRUPT/interrupt.o
                0x00000798                DISABLE_externalInterrupt
 .text.EXTERNAL_interruptSetCallBack
                0x00000818       0x50 ./MCAL/INTERRUPT/interrupt.o
                0x00000818                EXTERNAL_interruptSetCallBack
 .text.__vector_1
                0x00000868       0x66 ./MCAL/INTERRUPT/interrupt.o
                0x00000868                __vector_1
 .text.__vector_2
                0x000008ce       0x66 ./MCAL/INTERRUPT/interrupt.o
                0x000008ce                __vector_2
 .text.__vector_3
                0x00000934       0x66 ./MCAL/INTERRUPT/interrupt.o
                0x00000934                __vector_3
 .text.GPIO_setupPinDirection
                0x0000099a      0x1d6 ./MCAL/GPIO/gpio.o
                0x0000099a                GPIO_setupPinDirection
 .text.GPIO_writePin
                0x00000b70      0x1d6 ./MCAL/GPIO/gpio.o
                0x00000b70                GPIO_writePin
 .text.GPIO_readPin
                0x00000d46      0x104 ./MCAL/GPIO/gpio.o
                0x00000d46                GPIO_readPin
 .text.GPIO_setupPortDirection
                0x00000e4a       0xc2 ./MCAL/GPIO/gpio.o
                0x00000e4a                GPIO_setupPortDirection
 .text.GPIO_writePort
                0x00000f0c       0x88 ./MCAL/GPIO/gpio.o
                0x00000f0c                GPIO_writePort
 .text.GPIO_readPort
                0x00000f94       0x8a ./MCAL/GPIO/gpio.o
                0x00000f94                GPIO_readPort
 .text.GLOBAL_interruptEnable
                0x0000101e       0x1c ./MCAL/GLOBAL_INTERRUPT/global.o
                0x0000101e                GLOBAL_interruptEnable
 .text.GLOBAL_interruptDisable
                0x0000103a       0x1c ./MCAL/GLOBAL_INTERRUPT/global.o
                0x0000103a                GLOBAL_interruptDisable
 .text.LED_initForPin
                0x00001056       0x42 ./HAL/LED/led_program.o
                0x00001056                LED_initForPin
 .text.LED_enable
                0x00001098       0x78 ./HAL/LED/led_program.o
                0x00001098                LED_enable
 .text.LED_onFunction
                0x00001110       0x22 ./HAL/LED/led_program.o
 .text.LED_offFunction
                0x00001132       0x22 ./HAL/LED/led_program.o
 .text.LED_toggleFunction
                0x00001154       0x40 ./HAL/LED/led_program.o
 .text.main     0x00001194       0x60 ./APP/main.o
                0x00001194                main
 .text.TASK_function1
                0x000011f4       0x18 ./APP/main.o
                0x000011f4                TASK_function1
 .text.TASK_function2
                0x0000120c       0x18 ./APP/main.o
                0x0000120c                TASK_function2
 .text.TASK_function3
                0x00001224       0x18 ./APP/main.o
                0x00001224                TASK_function3
 .text.libgcc   0x0000123c        0x0 c:/users/acs/onedrive/pictures/content2/01- imt sdk/imt_sdk_win_64/winavr/bin/../lib/gcc/avr/4.3.3/avr5\libgcc.a(_exit.o)
 .text.libgcc   0x0000123c        0x0 c:/users/acs/onedrive/pictures/content2/01- imt sdk/imt_sdk_win_64/winavr/bin/../lib/gcc/avr/4.3.3/avr5\libgcc.a(_copy_data.o)
 .text.libgcc   0x0000123c        0x0 c:/users/acs/onedrive/pictures/content2/01- imt sdk/imt_sdk_win_64/winavr/bin/../lib/gcc/avr/4.3.3/avr5\libgcc.a(_clear_bss.o)
                0x0000123c                . = ALIGN (0x2)
 *(.fini9)
 .fini9         0x0000123c        0x0 c:/users/acs/onedrive/pictures/content2/01- imt sdk/imt_sdk_win_64/winavr/bin/../lib/gcc/avr/4.3.3/avr5\libgcc.a(_exit.o)
                0x0000123c                exit
                0x0000123c                _exit
 *(.fini9)
 *(.fini8)
 *(.fini8)
 *(.fini7)
 *(.fini7)
 *(.fini6)
 *(.fini6)
 *(.fini5)
 *(.fini5)
 *(.fini4)
 *(.fini4)
 *(.fini3)
 *(.fini3)
 *(.fini2)
 *(.fini2)
 *(.fini1)
 *(.fini1)
 *(.fini0)
 .fini0         0x0000123c        0x4 c:/users/acs/onedrive/pictures/content2/01- imt sdk/imt_sdk_win_64/winavr/bin/../lib/gcc/avr/4.3.3/avr5\libgcc.a(_exit.o)
 *(.fini0)
                0x00001240                _etext = .

.data           0x00800060        0x2 load address 0x00001240
                0x00800060                PROVIDE (__data_start, .)
 *(.data)
 .data          0x00800060        0x0 c:/users/acs/onedrive/pictures/content2/01- imt sdk/imt_sdk_win_64/winavr/bin/../lib/gcc/avr/4.3.3/../../../../avr/lib/avr5/crtm32.o
 .data          0x00800060        0x0 ./SERVICE/RTO/rto_source.o
 .data          0x00800060        0x0 ./MCAL/TIMER/timer_program.o
 .data          0x00800060        0x0 ./MCAL/INTERRUPT/interrupt.o
 .data          0x00800060        0x0 ./MCAL/GPIO/gpio.o
 .data          0x00800060        0x0 ./MCAL/GLOBAL_INTERRUPT/global.o
 .data          0x00800060        0x0 ./HAL/LED/led_program.o
 .data          0x00800060        0x0 ./APP/main.o
 .data          0x00800060        0x0 c:/users/acs/onedrive/pictures/content2/01- imt sdk/imt_sdk_win_64/winavr/bin/../lib/gcc/avr/4.3.3/avr5\libgcc.a(_exit.o)
 .data          0x00800060        0x0 c:/users/acs/onedrive/pictures/content2/01- imt sdk/imt_sdk_win_64/winavr/bin/../lib/gcc/avr/4.3.3/avr5\libgcc.a(_copy_data.o)
 .data          0x00800060        0x0 c:/users/acs/onedrive/pictures/content2/01- imt sdk/imt_sdk_win_64/winavr/bin/../lib/gcc/avr/4.3.3/avr5\libgcc.a(_clear_bss.o)
 *(.data*)
 .data.flag.1273
                0x00800060        0x1 ./HAL/LED/led_program.o
 *(.rodata)
 *(.rodata*)
 *(.gnu.linkonce.d*)
                0x00800062                . = ALIGN (0x2)
 *fill*         0x00800061        0x1 00
                0x00800062                _edata = .
                0x00800062                PROVIDE (__data_end, .)

.bss            0x00800062       0x36
                0x00800062                PROVIDE (__bss_start, .)
 *(.bss)
 .bss           0x00800062        0x0 c:/users/acs/onedrive/pictures/content2/01- imt sdk/imt_sdk_win_64/winavr/bin/../lib/gcc/avr/4.3.3/../../../../avr/lib/avr5/crtm32.o
 .bss           0x00800062        0x0 ./SERVICE/RTO/rto_source.o
 .bss           0x00800062        0x0 ./MCAL/TIMER/timer_program.o
 .bss           0x00800062        0x0 ./MCAL/INTERRUPT/interrupt.o
 .bss           0x00800062        0x0 ./MCAL/GPIO/gpio.o
 .bss           0x00800062        0x0 ./MCAL/GLOBAL_INTERRUPT/global.o
 .bss           0x00800062        0x0 ./HAL/LED/led_program.o
 .bss           0x00800062        0x0 ./APP/main.o
 .bss           0x00800062        0x0 c:/users/acs/onedrive/pictures/content2/01- imt sdk/imt_sdk_win_64/winavr/bin/../lib/gcc/avr/4.3.3/avr5\libgcc.a(_exit.o)
 .bss           0x00800062        0x0 c:/users/acs/onedrive/pictures/content2/01- imt sdk/imt_sdk_win_64/winavr/bin/../lib/gcc/avr/4.3.3/avr5\libgcc.a(_copy_data.o)
 .bss           0x00800062        0x0 c:/users/acs/onedrive/pictures/content2/01- imt sdk/imt_sdk_win_64/winavr/bin/../lib/gcc/avr/4.3.3/avr5\libgcc.a(_clear_bss.o)
 *(.bss*)
 .bss.TASkS     0x00800062       0x12 ./SERVICE/RTO/rto_source.o
 .bss.ArrayOfTickTimesInterrupt
                0x00800074        0x9 ./MCAL/TIMER/timer_program.o
 .bss.Counter   0x0080007d        0x3 ./MCAL/TIMER/timer_program.o
 .bss.TimersModes
                0x00800080       0x12 ./MCAL/TIMER/timer_program.o
 .bss.ArrPtrToFunction
                0x00800092        0x6 ./MCAL/INTERRUPT/interrupt.o
 *(COMMON)
                0x00800098                PROVIDE (__bss_end, .)
                0x00001240                __data_load_start = LOADADDR (.data)
                0x00001242                __data_load_end = (__data_load_start + SIZEOF (.data))

.noinit         0x00800098        0x0
                0x00800098                PROVIDE (__noinit_start, .)
 *(.noinit*)
                0x00800098                PROVIDE (__noinit_end, .)
                0x00800098                _end = .
                0x00800098                PROVIDE (__heap_start, .)

.eeprom         0x00810000        0x0
 *(.eeprom*)
                0x00810000                __eeprom_end = .

.fuse
 *(.fuse)
 *(.lfuse)
 *(.hfuse)
 *(.efuse)

.lock
 *(.lock*)

.signature
 *(.signature*)

.stab           0x00000000     0x1ed8
 *(.stab)
 .stab          0x00000000      0x36c ./SERVICE/RTO/rto_source.o
 .stab          0x0000036c      0x594 ./MCAL/TIMER/timer_program.o
                                0x5a0 (size before relaxing)
 .stab          0x00000900      0x5f4 ./MCAL/INTERRUPT/interrupt.o
                                0x600 (size before relaxing)
 .stab          0x00000ef4      0x690 ./MCAL/GPIO/gpio.o
                                0x69c (size before relaxing)
 .stab          0x00001584      0x204 ./MCAL/GLOBAL_INTERRUPT/global.o
                                0x210 (size before relaxing)
 .stab          0x00001788      0x474 ./HAL/LED/led_program.o
                                0x480 (size before relaxing)
 .stab          0x00001bfc      0x2dc ./APP/main.o
                                0x2e8 (size before relaxing)

.stabstr        0x00000000     0x10d5
 *(.stabstr)
 .stabstr       0x00000000     0x10d5 ./SERVICE/RTO/rto_source.o

.stab.excl
 *(.stab.excl)

.stab.exclstr
 *(.stab.exclstr)

.stab.index
 *(.stab.index)

.stab.indexstr
 *(.stab.indexstr)

.comment
 *(.comment)

.debug
 *(.debug)

.line
 *(.line)

.debug_srcinfo
 *(.debug_srcinfo)

.debug_sfnames
 *(.debug_sfnames)

.debug_aranges
 *(.debug_aranges)

.debug_pubnames
 *(.debug_pubnames)

.debug_info
 *(.debug_info)
 *(.gnu.linkonce.wi.*)

.debug_abbrev
 *(.debug_abbrev)

.debug_line
 *(.debug_line)

.debug_frame
 *(.debug_frame)

.debug_str
 *(.debug_str)

.debug_loc
 *(.debug_loc)

.debug_macinfo
 *(.debug_macinfo)
OUTPUT(RTOS_Drive.elf elf32-avr)
LOAD linker stubs
